Archive member included to satisfy reference by file (symbol)

C:/avr-gcc/bin/../lib/gcc/avr/15.2.0/avr5\libgcc.a(_udivmodsi4.o)
                              build/MCAL/UART/UART.o (__udivmodsi4)
C:/avr-gcc/bin/../lib/gcc/avr/15.2.0/avr5\libgcc.a(_exit.o)
                              C:/avr-gcc/bin/../lib/gcc/avr/15.2.0/../../../../avr/lib/avr5/crtatmega32.o (exit)
C:/avr-gcc/bin/../lib/gcc/avr/15.2.0/avr5\libgcc.a(_clear_bss.o)
                              build/MCAL/INTERRUPT/INTERRUPT.o (__do_clear_bss)

Discarded input sections

 .data          0x00000000        0x0 C:/avr-gcc/bin/../lib/gcc/avr/15.2.0/../../../../avr/lib/avr5/crtatmega32.o
 .bss           0x00000000        0x0 C:/avr-gcc/bin/../lib/gcc/avr/15.2.0/../../../../avr/lib/avr5/crtatmega32.o
 .text          0x00000000        0x0 build/main.o
 .data          0x00000000        0x0 build/main.o
 .bss           0x00000000        0x0 build/main.o
 .text          0x00000000        0x0 build/MCAL/GPIO/GPIO.o
 .data          0x00000000        0x0 build/MCAL/GPIO/GPIO.o
 .bss           0x00000000        0x0 build/MCAL/GPIO/GPIO.o
 .text.GPIO_SetPinValue
                0x00000000      0x102 build/MCAL/GPIO/GPIO.o
 .text.GPIO_GetPinValue
                0x00000000       0x4e build/MCAL/GPIO/GPIO.o
 .text.GPIO_SetPortDirection
                0x00000000       0x32 build/MCAL/GPIO/GPIO.o
 .text.GPIO_SetPortValue
                0x00000000       0x32 build/MCAL/GPIO/GPIO.o
 .text.GPIO_GetPortValue
                0x00000000       0x3c build/MCAL/GPIO/GPIO.o
 .text          0x00000000        0x0 build/MCAL/GPIO/dio.o
 .data          0x00000000        0x0 build/MCAL/GPIO/dio.o
 .bss           0x00000000        0x0 build/MCAL/GPIO/dio.o
 .text.Elevator_InitButtons
                0x00000000       0x56 build/MCAL/GPIO/dio.o
 .text.Elevator_ReadCarButton
                0x00000000       0x16 build/MCAL/GPIO/dio.o
 .text.Elevator_ReadFloorButton
                0x00000000       0x1a build/MCAL/GPIO/dio.o
 .comment       0x00000000       0x13 build/MCAL/GPIO/dio.o
 .text          0x00000000        0x0 build/MCAL/SPI/SPI.o
 .data          0x00000000        0x0 build/MCAL/SPI/SPI.o
 .bss           0x00000000        0x0 build/MCAL/SPI/SPI.o
 .text          0x00000000        0x0 build/MCAL/ADC/ADC.o
 .data          0x00000000        0x0 build/MCAL/ADC/ADC.o
 .bss           0x00000000        0x0 build/MCAL/ADC/ADC.o
 .text.ADC_Init
                0x00000000       0x30 build/MCAL/ADC/ADC.o
 .text.ADC_ReadChannel
                0x00000000       0x3e build/MCAL/ADC/ADC.o
 .text          0x00000000        0x0 build/MCAL/UART/UART.o
 .data          0x00000000        0x0 build/MCAL/UART/UART.o
 .bss           0x00000000        0x0 build/MCAL/UART/UART.o
 .text.UART_Init
                0x00000000       0x42 build/MCAL/UART/UART.o
 .text.UART_SendByte
                0x00000000        0xc build/MCAL/UART/UART.o
 .comment       0x00000000       0x13 build/MCAL/UART/UART.o
 .text          0x00000000        0x0 build/MCAL/TIMER/timer.o
 .data          0x00000000        0x0 build/MCAL/TIMER/timer.o
 .bss           0x00000000        0x0 build/MCAL/TIMER/timer.o
 .text.TIMER0_DelayS
                0x00000000        0x2 build/MCAL/TIMER/timer.o
 .text.TIMER0_PWM
                0x00000000        0x2 build/MCAL/TIMER/timer.o
 .text.TIMER0_Stop
                0x00000000        0x2 build/MCAL/TIMER/timer.o
 .text.TIMER1_Init
                0x00000000        0x2 build/MCAL/TIMER/timer.o
 .text.TIMER1_DelayMS
                0x00000000        0x2 build/MCAL/TIMER/timer.o
 .text.TIMER1_PWM
                0x00000000        0x2 build/MCAL/TIMER/timer.o
 .text.TIMER1_Stop
                0x00000000        0x2 build/MCAL/TIMER/timer.o
 .text          0x00000000        0x0 build/MCAL/INTERRUPT/INTERRUPT.o
 .data          0x00000000        0x0 build/MCAL/INTERRUPT/INTERRUPT.o
 .bss           0x00000000        0x0 build/MCAL/INTERRUPT/INTERRUPT.o
 .text.INTERRUPT_DisableGlobal
                0x00000000        0x8 build/MCAL/INTERRUPT/INTERRUPT.o
 .text.EXTI_Disable
                0x00000000       0x32 build/MCAL/INTERRUPT/INTERRUPT.o
 .text          0x00000000        0x0 build/MCAL/TIMER/pwm.o
 .data          0x00000000        0x0 build/MCAL/TIMER/pwm.o
 .bss           0x00000000        0x0 build/MCAL/TIMER/pwm.o
 .comment       0x00000000       0x13 build/MCAL/TIMER/pwm.o
 .text          0x00000000        0x0 C:/avr-gcc/bin/../lib/gcc/avr/15.2.0/avr5\libgcc.a(_udivmodsi4.o)
 .data          0x00000000        0x0 C:/avr-gcc/bin/../lib/gcc/avr/15.2.0/avr5\libgcc.a(_udivmodsi4.o)
 .bss           0x00000000        0x0 C:/avr-gcc/bin/../lib/gcc/avr/15.2.0/avr5\libgcc.a(_udivmodsi4.o)
 .text.libgcc.mul
                0x00000000        0x0 C:/avr-gcc/bin/../lib/gcc/avr/15.2.0/avr5\libgcc.a(_udivmodsi4.o)
 .text.libgcc.div
                0x00000000       0x44 C:/avr-gcc/bin/../lib/gcc/avr/15.2.0/avr5\libgcc.a(_udivmodsi4.o)
 .text.libgcc   0x00000000        0x0 C:/avr-gcc/bin/../lib/gcc/avr/15.2.0/avr5\libgcc.a(_udivmodsi4.o)
 .text.libgcc.prologue
                0x00000000        0x0 C:/avr-gcc/bin/../lib/gcc/avr/15.2.0/avr5\libgcc.a(_udivmodsi4.o)
 .text.libgcc.builtins
                0x00000000        0x0 C:/avr-gcc/bin/../lib/gcc/avr/15.2.0/avr5\libgcc.a(_udivmodsi4.o)
 .text.libgcc.fmul
                0x00000000        0x0 C:/avr-gcc/bin/../lib/gcc/avr/15.2.0/avr5\libgcc.a(_udivmodsi4.o)
 .text.libgcc.fixed
                0x00000000        0x0 C:/avr-gcc/bin/../lib/gcc/avr/15.2.0/avr5\libgcc.a(_udivmodsi4.o)
 .debug_line    0x00000000      0x111 C:/avr-gcc/bin/../lib/gcc/avr/15.2.0/avr5\libgcc.a(_udivmodsi4.o)
 .debug_line_str
                0x00000000       0x5c C:/avr-gcc/bin/../lib/gcc/avr/15.2.0/avr5\libgcc.a(_udivmodsi4.o)
 .debug_info    0x00000000       0x24 C:/avr-gcc/bin/../lib/gcc/avr/15.2.0/avr5\libgcc.a(_udivmodsi4.o)
 .debug_abbrev  0x00000000       0x14 C:/avr-gcc/bin/../lib/gcc/avr/15.2.0/avr5\libgcc.a(_udivmodsi4.o)
 .debug_aranges
                0x00000000       0x20 C:/avr-gcc/bin/../lib/gcc/avr/15.2.0/avr5\libgcc.a(_udivmodsi4.o)
 .debug_str     0x00000000       0x68 C:/avr-gcc/bin/../lib/gcc/avr/15.2.0/avr5\libgcc.a(_udivmodsi4.o)
 .text          0x00000000        0x0 C:/avr-gcc/bin/../lib/gcc/avr/15.2.0/avr5\libgcc.a(_exit.o)
 .data          0x00000000        0x0 C:/avr-gcc/bin/../lib/gcc/avr/15.2.0/avr5\libgcc.a(_exit.o)
 .bss           0x00000000        0x0 C:/avr-gcc/bin/../lib/gcc/avr/15.2.0/avr5\libgcc.a(_exit.o)
 .text.libgcc.mul
                0x00000000        0x0 C:/avr-gcc/bin/../lib/gcc/avr/15.2.0/avr5\libgcc.a(_exit.o)
 .text.libgcc.div
                0x00000000        0x0 C:/avr-gcc/bin/../lib/gcc/avr/15.2.0/avr5\libgcc.a(_exit.o)
 .text.libgcc   0x00000000        0x0 C:/avr-gcc/bin/../lib/gcc/avr/15.2.0/avr5\libgcc.a(_exit.o)
 .text.libgcc.prologue
                0x00000000        0x0 C:/avr-gcc/bin/../lib/gcc/avr/15.2.0/avr5\libgcc.a(_exit.o)
 .text.libgcc.builtins
                0x00000000        0x0 C:/avr-gcc/bin/../lib/gcc/avr/15.2.0/avr5\libgcc.a(_exit.o)
 .text.libgcc.fmul
                0x00000000        0x0 C:/avr-gcc/bin/../lib/gcc/avr/15.2.0/avr5\libgcc.a(_exit.o)
 .text.libgcc.fixed
                0x00000000        0x0 C:/avr-gcc/bin/../lib/gcc/avr/15.2.0/avr5\libgcc.a(_exit.o)
 .text          0x00000000        0x0 C:/avr-gcc/bin/../lib/gcc/avr/15.2.0/avr5\libgcc.a(_clear_bss.o)
 .data          0x00000000        0x0 C:/avr-gcc/bin/../lib/gcc/avr/15.2.0/avr5\libgcc.a(_clear_bss.o)
 .bss           0x00000000        0x0 C:/avr-gcc/bin/../lib/gcc/avr/15.2.0/avr5\libgcc.a(_clear_bss.o)
 .text.libgcc.mul
                0x00000000        0x0 C:/avr-gcc/bin/../lib/gcc/avr/15.2.0/avr5\libgcc.a(_clear_bss.o)
 .text.libgcc.div
                0x00000000        0x0 C:/avr-gcc/bin/../lib/gcc/avr/15.2.0/avr5\libgcc.a(_clear_bss.o)
 .text.libgcc   0x00000000        0x0 C:/avr-gcc/bin/../lib/gcc/avr/15.2.0/avr5\libgcc.a(_clear_bss.o)
 .text.libgcc.prologue
                0x00000000        0x0 C:/avr-gcc/bin/../lib/gcc/avr/15.2.0/avr5\libgcc.a(_clear_bss.o)
 .text.libgcc.builtins
                0x00000000        0x0 C:/avr-gcc/bin/../lib/gcc/avr/15.2.0/avr5\libgcc.a(_clear_bss.o)
 .text.libgcc.fmul
                0x00000000        0x0 C:/avr-gcc/bin/../lib/gcc/avr/15.2.0/avr5\libgcc.a(_clear_bss.o)
 .text.libgcc.fixed
                0x00000000        0x0 C:/avr-gcc/bin/../lib/gcc/avr/15.2.0/avr5\libgcc.a(_clear_bss.o)

Memory Configuration

Name             Origin             Length             Attributes
text             0x00000000         0x00008000         xr
data             0x00800060         0x00000800         rw!x
eeprom           0x00810000         0x00000400         rw!x
fuse             0x00820000         0x00000002         rw!x
lock             0x00830000         0x00000400         rw!x
signature        0x00840000         0x00000400         rw!x
user_signatures  0x00850000         0x00000400         rw!x
*default*        0x00000000         0xffffffff

Linker script and memory map

LOAD C:/avr-gcc/bin/../lib/gcc/avr/15.2.0/../../../../avr/lib/avr5/crtatmega32.o
LOAD build/main.o
LOAD build/MCAL/GPIO/GPIO.o
LOAD build/MCAL/GPIO/dio.o
LOAD build/MCAL/SPI/SPI.o
LOAD build/MCAL/ADC/ADC.o
LOAD build/MCAL/UART/UART.o
LOAD build/MCAL/TIMER/timer.o
LOAD build/MCAL/INTERRUPT/INTERRUPT.o
LOAD build/MCAL/TIMER/pwm.o
START GROUP
LOAD C:/avr-gcc/bin/../lib/gcc/avr/15.2.0/avr5\libgcc.a
LOAD C:/avr-gcc/bin/../lib/gcc/avr/15.2.0/../../../../avr/lib/avr5\libm.a
LOAD C:/avr-gcc/bin/../lib/gcc/avr/15.2.0/../../../../avr/lib/avr5\libc.a
LOAD C:/avr-gcc/bin/../lib/gcc/avr/15.2.0/../../../../avr/lib/avr5\libatmega32.a
END GROUP
                [0x00000000]                      __TEXT_REGION_ORIGIN__ = DEFINED (__TEXT_REGION_ORIGIN__)?__TEXT_REGION_ORIGIN__:0x0
                [0x00008000]                      __TEXT_REGION_LENGTH__ = DEFINED (__TEXT_REGION_LENGTH__)?__TEXT_REGION_LENGTH__:0x20000
                [0x00800060]                      __DATA_REGION_ORIGIN__ = DEFINED (__DATA_REGION_ORIGIN__)?__DATA_REGION_ORIGIN__:0x800060
                [0x00000800]                      __DATA_REGION_LENGTH__ = DEFINED (__DATA_REGION_LENGTH__)?__DATA_REGION_LENGTH__:0xffa0
                [0x00000400]                      __EEPROM_REGION_LENGTH__ = DEFINED (__EEPROM_REGION_LENGTH__)?__EEPROM_REGION_LENGTH__:0x10000
                [0x00000002]                      __FUSE_REGION_LENGTH__ = DEFINED (__FUSE_REGION_LENGTH__)?__FUSE_REGION_LENGTH__:0x400
                0x00000400                        __LOCK_REGION_LENGTH__ = DEFINED (__LOCK_REGION_LENGTH__)?__LOCK_REGION_LENGTH__:0x400
                0x00000400                        __SIGNATURE_REGION_LENGTH__ = DEFINED (__SIGNATURE_REGION_LENGTH__)?__SIGNATURE_REGION_LENGTH__:0x400
                0x00000400                        __USER_SIGNATURE_REGION_LENGTH__ = DEFINED (__USER_SIGNATURE_REGION_LENGTH__)?__USER_SIGNATURE_REGION_LENGTH__:0x400

.hash
 *(.hash)

.dynsym
 *(.dynsym)

.dynstr
 *(.dynstr)

.gnu.version
 *(.gnu.version)

.gnu.version_d
 *(.gnu.version_d)

.gnu.version_r
 *(.gnu.version_r)

.rel.init
 *(.rel.init)

.rela.init
 *(.rela.init)

.rel.text
 *(.rel.text)
 *(.rel.text.*)
 *(.rel.gnu.linkonce.t*)

.rela.text
 *(.rela.text)
 *(.rela.text.*)
 *(.rela.gnu.linkonce.t*)

.rel.fini
 *(.rel.fini)

.rela.fini
 *(.rela.fini)

.rel.rodata
 *(.rel.rodata)
 *(.rel.rodata.*)
 *(.rel.gnu.linkonce.r*)

.rela.rodata
 *(.rela.rodata)
 *(.rela.rodata.*)
 *(.rela.gnu.linkonce.r*)

.rel.data
 *(.rel.data)
 *(.rel.data.*)
 *(.rel.gnu.linkonce.d*)

.rela.data
 *(.rela.data)
 *(.rela.data.*)
 *(.rela.gnu.linkonce.d*)

.rel.ctors
 *(.rel.ctors)

.rela.ctors
 *(.rela.ctors)

.rel.dtors
 *(.rel.dtors)

.rela.dtors
 *(.rela.dtors)

.rel.got
 *(.rel.got)

.rela.got
 *(.rela.got)

.rel.bss
 *(.rel.bss)

.rela.bss
 *(.rela.bss)

.rel.plt
 *(.rel.plt)

.rela.plt
 *(.rela.plt)

.text           0x00000000      0x552
 *(.vectors)
 .vectors       0x00000000       0x54 C:/avr-gcc/bin/../lib/gcc/avr/15.2.0/../../../../avr/lib/avr5/crtatmega32.o
                0x00000000                __vector_default
                0x00000000                __vectors
 *(.vectors)
                0x00000054                        __progmem_start = .
 *(.progmem)
 *(.progmem.*)
                0x00000054                        __progmem_end = .
                0x00000001                        ASSERT (((__progmem_start == __progmem_end) || (__progmem_end <= 0x10000)), .progmem section exceeds 0x10000)
                0x00000054                        . = ALIGN (0x2)
                0x00000054                        __trampolines_start = .
 *(.trampolines)
 .trampolines   0x00000054        0x0 linker stubs
 *(.trampolines*)
                0x00000054                        __trampolines_end = .
                0x00000054                        . = ALIGN (0x2)
 *(.lowtext)
 *(.lowtext*)
                0x00000054                        __ctors_start = .
 *(.ctors)
                0x00000054                        __ctors_end = .
                0x00000054                        __dtors_start = .
 *(.dtors)
                0x00000054                        __dtors_end = .
 SORT_BY_NAME(*)(.ctors)
 SORT_BY_NAME(*)(.dtors)
 *(.init0)
 .init0         0x00000054        0x0 C:/avr-gcc/bin/../lib/gcc/avr/15.2.0/../../../../avr/lib/avr5/crtatmega32.o
                0x00000054                __init
 *(.init0)
 *(.init1)
 *(.init1)
 *(.init2)
 .init2         0x00000054        0xc C:/avr-gcc/bin/../lib/gcc/avr/15.2.0/../../../../avr/lib/avr5/crtatmega32.o
 *(.init2)
 *(.init3)
 *(.init3)
 *(.init4)
 .init4         0x00000060       0x10 C:/avr-gcc/bin/../lib/gcc/avr/15.2.0/avr5\libgcc.a(_clear_bss.o)
                0x00000060                __do_clear_bss
 *(.init4)
 *(.init5)
 *(.init5)
 *(.init6)
 *(.init6)
 *(.init7)
 *(.init7)
 *(.init8)
 *(.init8)
 *(.init9)
 .init9         0x00000070        0x8 C:/avr-gcc/bin/../lib/gcc/avr/15.2.0/../../../../avr/lib/avr5/crtatmega32.o
 *(.init9)
 *(.text)
 .text          0x00000078        0x4 C:/avr-gcc/bin/../lib/gcc/avr/15.2.0/../../../../avr/lib/avr5/crtatmega32.o
                0x00000078                __vector_12
                0x00000078                __bad_interrupt
                0x00000078                __vector_6
                0x00000078                __vector_11
                0x00000078                __vector_13
                0x00000078                __vector_17
                0x00000078                __vector_19
                0x00000078                __vector_7
                0x00000078                __vector_5
                0x00000078                __vector_4
                0x00000078                __vector_9
                0x00000078                __vector_15
                0x00000078                __vector_8
                0x00000078                __vector_14
                0x00000078                __vector_10
                0x00000078                __vector_16
                0x00000078                __vector_18
                0x00000078                __vector_20
                0x0000007c                        . = ALIGN (0x2)
 *(.text.*)
 .text.INT0_Handler
                0x0000007c        0xa build/main.o
                0x0000007c                INT0_Handler
 .text.main     0x00000086       0x50 build/main.o
                0x00000086                main
 .text.GPIO_SetPinDirection
                0x000000d6      0x1b6 build/MCAL/GPIO/GPIO.o
                0x000000d6                GPIO_SetPinDirection
 .text.GPIO_TogglePinValue
                0x0000028c       0x7e build/MCAL/GPIO/GPIO.o
                0x0000028c                GPIO_TogglePinValue
 .text.TIMER0_Init
                0x0000030a       0x10 build/MCAL/TIMER/timer.o
                0x0000030a                TIMER0_Init
 .text.TIMER0_DelayMS
                0x0000031a       0x36 build/MCAL/TIMER/timer.o
                0x0000031a                TIMER0_DelayMS
 .text.INTERRUPT_EnableGlobal
                0x00000350        0x8 build/MCAL/INTERRUPT/INTERRUPT.o
                0x00000350                INTERRUPT_EnableGlobal
 .text.EXTI_ClearFlag
                0x00000358       0x2c build/MCAL/INTERRUPT/INTERRUPT.o
                0x00000358                EXTI_ClearFlag
 .text.EXTI_SetSense
                0x00000384       0x58 build/MCAL/INTERRUPT/INTERRUPT.o
                0x00000384                EXTI_SetSense
 .text.EXTI_Enable
                0x000003dc       0x3c build/MCAL/INTERRUPT/INTERRUPT.o
                0x000003dc                EXTI_Enable
 .text.EXTI_SetCallback
                0x00000418       0x28 build/MCAL/INTERRUPT/INTERRUPT.o
                0x00000418                EXTI_SetCallback
 .text.__vector_1
                0x00000440       0x5a build/MCAL/INTERRUPT/INTERRUPT.o
                0x00000440                __vector_1
 .text.__vector_2
                0x0000049a       0x5a build/MCAL/INTERRUPT/INTERRUPT.o
                0x0000049a                __vector_2
 .text.__vector_3
                0x000004f4       0x5a build/MCAL/INTERRUPT/INTERRUPT.o
                0x000004f4                __vector_3
                0x0000054e                        . = ALIGN (0x2)
 *(.fini9)
 .fini9         0x0000054e        0x0 C:/avr-gcc/bin/../lib/gcc/avr/15.2.0/avr5\libgcc.a(_exit.o)
                0x0000054e                _exit
                0x0000054e                exit
 *(.fini9)
 *(.fini8)
 *(.fini8)
 *(.fini7)
 *(.fini7)
 *(.fini6)
 *(.fini6)
 *(.fini5)
 *(.fini5)
 *(.fini4)
 *(.fini4)
 *(.fini3)
 *(.fini3)
 *(.fini2)
 *(.fini2)
 *(.fini1)
 *(.fini1)
 *(.fini0)
 .fini0         0x0000054e        0x4 C:/avr-gcc/bin/../lib/gcc/avr/15.2.0/avr5\libgcc.a(_exit.o)
 *(.fini0)
 *(.hightext)
 *(.hightext*)
 *(.progmemx)
 *(.progmemx.*)
                0x00000552                        . = ALIGN (0x2)
 *(.jumptables)
 *(.jumptables*)
                0x00000552                        _etext = .

.data           0x00800060        0x0 load address 0x00000552
                [!provide]                        PROVIDE (__data_start = .)
 *(.data)
 *(.data*)
 *(.gnu.linkonce.d*)
 *(.rodata)
 *(.rodata*)
 *(.gnu.linkonce.r*)
                0x00800060                        . = ALIGN (0x2)
                0x00800060                        _edata = .
                [!provide]                        PROVIDE (__data_end = .)

.bss            0x00800060        0x6
                0x00800060                        PROVIDE (__bss_start = .)
 *(.bss)
 *(.bss*)
 .bss.callback  0x00800060        0x6 build/MCAL/INTERRUPT/INTERRUPT.o
 *(COMMON)
                0x00800066                        PROVIDE (__bss_end = .)
                0x00000552                        __data_load_start = LOADADDR (.data)
                0x00000552                        __data_load_end = (__data_load_start + SIZEOF (.data))

.noinit         0x00800066        0x0
                [!provide]                        PROVIDE (__noinit_start = .)
 *(.noinit .noinit.* .gnu.linkonce.n.*)
                [!provide]                        PROVIDE (__noinit_end = .)
                0x00800066                        _end = .
                [!provide]                        PROVIDE (__heap_start = .)
                0x00000000                        __flmap_init_label = DEFINED (__flmap_noinit_start)?__flmap_noinit_start:0x0
                0x00000000                        __flmap = DEFINED (__flmap)?__flmap:0x0

.eeprom         0x00810000        0x0
 *(.eeprom*)
                0x00810000                        __eeprom_end = .

.fuse
 *(.fuse)
 *(.lfuse)
 *(.hfuse)
 *(.efuse)

.lock
 *(.lock*)

.signature
 *(.signature*)

.stab
 *(.stab)

.stabstr
 *(.stabstr)

.stab.excl
 *(.stab.excl)

.stab.exclstr
 *(.stab.exclstr)

.stab.index
 *(.stab.index)

.stab.indexstr
 *(.stab.indexstr)

.comment
 *(.comment)

.note.gnu.avr.deviceinfo
                0x00000000       0x3c
 .note.gnu.avr.deviceinfo
                0x00000000       0x3c C:/avr-gcc/bin/../lib/gcc/avr/15.2.0/../../../../avr/lib/avr5/crtatmega32.o

.gnu.build.attributes
 *(.gnu.build.attributes .gnu.build.attributes.*)

.note.gnu.build-id
 *(.note.gnu.build-id)

.debug
 *(.debug)

.line
 *(.line)

.debug_srcinfo
 *(.debug_srcinfo)

.debug_sfnames
 *(.debug_sfnames)

.debug_aranges  0x00000000       0x40
 *(.debug_aranges)
 .debug_aranges
                0x00000000       0x20 C:/avr-gcc/bin/../lib/gcc/avr/15.2.0/avr5\libgcc.a(_exit.o)
 .debug_aranges
                0x00000020       0x20 C:/avr-gcc/bin/../lib/gcc/avr/15.2.0/avr5\libgcc.a(_clear_bss.o)

.debug_pubnames
 *(.debug_pubnames)

.debug_info     0x00000000      0x52e
 *(.debug_info .gnu.linkonce.wi.*)
 .debug_info    0x00000000      0x4e6 C:/avr-gcc/bin/../lib/gcc/avr/15.2.0/../../../../avr/lib/avr5/crtatmega32.o
 .debug_info    0x000004e6       0x24 C:/avr-gcc/bin/../lib/gcc/avr/15.2.0/avr5\libgcc.a(_exit.o)
 .debug_info    0x0000050a       0x24 C:/avr-gcc/bin/../lib/gcc/avr/15.2.0/avr5\libgcc.a(_clear_bss.o)

.debug_abbrev   0x00000000      0x4cb
 *(.debug_abbrev)
 .debug_abbrev  0x00000000      0x4a3 C:/avr-gcc/bin/../lib/gcc/avr/15.2.0/../../../../avr/lib/avr5/crtatmega32.o
 .debug_abbrev  0x000004a3       0x14 C:/avr-gcc/bin/../lib/gcc/avr/15.2.0/avr5\libgcc.a(_exit.o)
 .debug_abbrev  0x000004b7       0x14 C:/avr-gcc/bin/../lib/gcc/avr/15.2.0/avr5\libgcc.a(_clear_bss.o)

.debug_line     0x00000000       0xe3
 *(.debug_line .debug_line.* .debug_line_end)
 .debug_line    0x00000000       0x1d C:/avr-gcc/bin/../lib/gcc/avr/15.2.0/../../../../avr/lib/avr5/crtatmega32.o
 .debug_line    0x0000001d       0x51 C:/avr-gcc/bin/../lib/gcc/avr/15.2.0/avr5\libgcc.a(_exit.o)
 .debug_line    0x0000006e       0x75 C:/avr-gcc/bin/../lib/gcc/avr/15.2.0/avr5\libgcc.a(_clear_bss.o)

.debug_frame
 *(.debug_frame)

.debug_str      0x00000000      0x1fe
 *(.debug_str)
 .debug_str     0x00000000      0x196 C:/avr-gcc/bin/../lib/gcc/avr/15.2.0/../../../../avr/lib/avr5/crtatmega32.o
 .debug_str     0x00000196       0x68 C:/avr-gcc/bin/../lib/gcc/avr/15.2.0/avr5\libgcc.a(_exit.o)
 .debug_str     0x000001fe        0x0 C:/avr-gcc/bin/../lib/gcc/avr/15.2.0/avr5\libgcc.a(_clear_bss.o)
                                 0x68 (size before relaxing)

.debug_loc
 *(.debug_loc)

.debug_macinfo
 *(.debug_macinfo)

.debug_weaknames
 *(.debug_weaknames)

.debug_funcnames
 *(.debug_funcnames)

.debug_typenames
 *(.debug_typenames)

.debug_varnames
 *(.debug_varnames)

.debug_pubtypes
 *(.debug_pubtypes)

.debug_ranges
 *(.debug_ranges)

.debug_addr
 *(.debug_addr)

.debug_line_str
                0x00000000       0x5c
 *(.debug_line_str)
 .debug_line_str
                0x00000000       0x5c C:/avr-gcc/bin/../lib/gcc/avr/15.2.0/avr5\libgcc.a(_exit.o)
 .debug_line_str
                0x0000005c        0x0 C:/avr-gcc/bin/../lib/gcc/avr/15.2.0/avr5\libgcc.a(_clear_bss.o)
                                 0x5c (size before relaxing)

.debug_loclists
 *(.debug_loclists)

.debug_macro
 *(.debug_macro)

.debug_names
 *(.debug_names)

.debug_rnglists
 *(.debug_rnglists)

.debug_str_offsets
 *(.debug_str_offsets)

.debug_sup
 *(.debug_sup)
OUTPUT(build/program.elf elf32-avr)
LOAD linker stubs
